// Jest Snapshot v1, https://goo.gl/fbAQLP

exports[`should match snapshot 1`] = `
<section
  className="filters"
  data-testid="filter"
  style={
    Object {
      "marginLeft": "1.5rem",
      "position": "fixed",
    }
  }
>
  <h4>
    Filters
  </h4>
  <p>
    Launch Year 
  </p>
  <div
    className="filter-container"
  >
    <button
      className="filter-button "
      data-testid="yearFilter"
      onClick={[Function]}
    >
      2006
    </button>
    <button
      className="filter-button "
      data-testid="yearFilter"
      onClick={[Function]}
    >
      2007
    </button>
    <button
      className="filter-button "
      data-testid="yearFilter"
      onClick={[Function]}
    >
      2008
    </button>
    <button
      className="filter-button "
      data-testid="yearFilter"
      onClick={[Function]}
    >
      2009
    </button>
    <button
      className="filter-button "
      data-testid="yearFilter"
      onClick={[Function]}
    >
      2010
    </button>
    <button
      className="filter-button "
      data-testid="yearFilter"
      onClick={[Function]}
    >
      2011
    </button>
    <button
      className="filter-button "
      data-testid="yearFilter"
      onClick={[Function]}
    >
      2012
    </button>
    <button
      className="filter-button "
      data-testid="yearFilter"
      onClick={[Function]}
    >
      2013
    </button>
    <button
      className="filter-button "
      data-testid="yearFilter"
      onClick={[Function]}
    >
      2014
    </button>
    <button
      className="filter-button "
      data-testid="yearFilter"
      onClick={[Function]}
    >
      2015
    </button>
    <button
      className="filter-button "
      data-testid="yearFilter"
      onClick={[Function]}
    >
      2016
    </button>
    <button
      className="filter-button "
      data-testid="yearFilter"
      onClick={[Function]}
    >
      2017
    </button>
    <button
      className="filter-button "
      data-testid="yearFilter"
      onClick={[Function]}
    >
      2018
    </button>
    <button
      className="filter-button "
      data-testid="yearFilter"
      onClick={[Function]}
    >
      2019
    </button>
    <button
      className="filter-button "
      data-testid="yearFilter"
      onClick={[Function]}
    >
      2020
    </button>
  </div>
  <p>
    Successful Launch 
  </p>
  <div
    className="filter-container"
  >
    <button
      className="filter-button false"
      onClick={[Function]}
    >
      true
    </button>
    <button
      className="filter-button false"
      onClick={[Function]}
    >
      false
    </button>
  </div>
  <p>
    Successful Landing 
  </p>
  <div
    className="filter-container"
  >
    <button
      className="filter-button false"
      onClick={[Function]}
    >
      true
    </button>
    <button
      className="filter-button false"
      onClick={[Function]}
    >
      false
    </button>
  </div>
</section>
`;
